2026-07-27T20:00:01Z start worker=alpha
2026-07-27T20:00:02Z parse records=20
2026-07-27T20:00:03Z check schemas=2
2026-07-27T20:00:04Z compile modules=4
2026-07-27T20:00:05Z execute tasks=8
2026-07-27T20:00:06Z observe spans=16
2026-07-27T20:00:07Z package files=32
2026-07-27T20:00:08Z install target=local
2026-07-27T20:00:09Z test passed=142
2026-07-27T20:00:10Z ship status=ready
2026-07-27T20:00:11Z start worker=beta
2026-07-27T20:00:12Z parse records=20
2026-07-27T20:00:13Z check schemas=2
2026-07-27T20:00:14Z compile modules=4
2026-07-27T20:00:15Z execute tasks=8
2026-07-27T20:00:16Z observe spans=16
2026-07-27T20:00:17Z package files=32
2026-07-27T20:00:18Z install target=local
2026-07-27T20:00:19Z test passed=142
2026-07-27T20:00:20Z ship status=ready
